задание: 2.2.2
проект: 221-command-time
устройство: 2e8a:000a
серийный номер: 5054316550735B9C
порт: /dev/ttyACM0
начало: 2026-10-02T23:58:03
   0.000 --> uptime
   0.001 <-- uptime
   0.002 <-- dbg read_line:95 got uptime
   0.002 <-- uptime: 5033 ms
   0.403 --> boot_info
   0.404 <-- boot_info
   0.404 <-- dbg read_line:95 got boot_info
   0.405 <-- vector table   0x10000100
   0.406 <-- stack top    0x20042000
   0.406 <-- reset        0x100001f7
   0.407 <-- reset (even) 0x100001f6
   0.408 <-- gpio in        0xd0000004
   0.408 <-- led bit      0
   0.408 <-- gpio_get     0
   0.810 --> uptime
   0.810 <-- uptime
   0.811 <-- dbg read_line:95 got uptime
   0.811 <-- uptime: 5842 ms
   1.212 --> boot_info
   1.213 <-- boot_info
   1.213 <-- dbg read_line:95 got boot_info
   1.214 <-- vector table   0x10000100
   1.215 <-- stack top    0x20042000
   1.215 <-- reset        0x100001f7
   1.216 <-- reset (even) 0x100001f6
   1.217 <-- gpio in        0xd0000004
   1.217 <-- led bit      0
   1.217 <-- gpio_get     0
   1.619 --> uptime
   1.619 <-- uptime
   1.620 <-- dbg read_line:95 got uptime
   1.620 <-- uptime: 6651 ms
   2.021 --> boot_info
   2.022 <-- boot_info
   2.023 <-- dbg read_line:95 got boot_info
   2.024 <-- vector table   0x10000100
   2.025 <-- stack top    0x20042000
   2.025 <-- reset        0x100001f7
   2.026 <-- reset (even) 0x100001f6
   2.026 <-- gpio in        0xd0000004
   2.026 <-- led bit      0
   2.027 <-- gpio_get     0
   2.428 --> uptime
   2.428 <-- uptime
   2.429 <-- dbg read_line:95 got uptime
   2.429 <-- uptime: 7461 ms
   2.830 --> boot_info
   2.831 <-- boot_info
   2.832 <-- dbg read_line:95 got boot_info
   2.833 <-- vector table   0x10000100
   2.833 <-- stack top    0x20042000
   2.833 <-- reset        0x100001f7
   2.834 <-- reset (even) 0x100001f6
   2.834 <-- gpio in        0xd0000004
   2.834 <-- led bit      1
   2.834 <-- gpio_get     1
итог: отправлено команд 8, принято строк 48
