задание: 2.2.4
проект: 221-command-time
устройство: 2e8a:000a
серийный номер: 5054316550735B9C
порт: /dev/ttyACM0
начало: 2026-10-03T23:20:07
   0.000 --> main_time_reset
   0.001 <-- main_time_reset
   0.002 <-- dbg read_line:144 got main_time_reset
   0.003 <-- max reset
   2.007 --> main_time_exec
   2.008 <-- main_time_exec
   2.009 <-- dbg read_line:144 got main_time_exec
   2.010 <-- iteration avg 2.53 us, max 126 us
   3.012 --> calc_pi
   3.013 <-- calc_pi
   3.014 <-- dbg read_line:144 got calc_pi
   7.744 <-- pi: 3.14159165
   7.745 <-- time: 4730 ms
   9.148 --> main_time_exec
   9.149 <-- main_time_exec
   9.149 <-- dbg read_line:144 got main_time_exec
   9.149 <-- iteration avg 5.91 us, max 4731138 us
  14.161 --> main_time_exec
  14.161 <-- main_time_exec
  14.162 <-- dbg read_line:144 got main_time_exec
  14.162 <-- iteration avg 2.74 us, max 4731138 us
  15.165 --> main_time_reset
  15.165 <-- main_time_reset
  15.167 <-- dbg read_line:144 got main_time_reset
  15.167 <-- max reset
  16.170 --> main_time_exec
  16.170 <-- main_time_exec
  16.172 <-- dbg read_line:144 got main_time_exec
  16.173 <-- iteration avg 2.67 us, max 63 us
итог: отправлено команд 7, принято строк 22
