задание: 2.2.1
проект: 221-command-time
устройство: 2e8a:000a
серийный номер: 5054316550735B9C
порт: /dev/ttyACM0
начало: 2026-10-02T23:35:04
   0.000 --> clk_info
   0.177 <-- clk_info
   0.178 <-- dbg read_line:115 got clk_info
   0.180 <-- signal     set_khz measured_khz
   0.181 <-- clk_ref      12000        12001
   0.181 <-- clk_sys     125000       125000
   0.182 <-- clk_peri    125000       125000
   0.183 <-- clk_usb      48000        48000
   0.184 <-- clk_adc      48000        48000
   0.185 <-- rosc             -      5387
   2.190 --> info
   2.285 <-- info
   2.286 <-- dbg read_line:115 got info
   2.287 <-- project: 221-command-time
   2.288 <-- repo: https://github.com/zharikovk/es-student
   2.289 <-- board: pico
   2.289 <-- serial: 5054316550735B9C
   2.290 <-- chip: manufacturer 0x927, part 0x0002, revision 2
   2.290 <-- pico-sdk: 2.3.0
итог: отправлено команд 2, принято строк 17
