задание: 2.1.4
проект: 211-command-usb
устройство: 2e8a:000a
серийный номер: 5054316550735B9C
порт: /dev/ttyACM0
начало: 2026-09-27T23:54:13
   0.000 --> fw_info
   0.152 <-- fw_info
   0.153 <-- dbg read_line:106 got fw_info
   0.154 <-- object          address    value
   0.155 <-- main            10000321 0xb5f0
   0.155 <-- fw_info         1000069D 0x4b31
   0.156 <-- commands        10007518
   0.157 <-- - enable        10000281
   0.157 <-- - disable       100002BD
   0.158 <-- - info          10000301
   0.158 <-- - version       100002F9
   0.159 <-- - ping          10000309
   0.159 <-- - mem_info      10000319
   0.160 <-- - fw_info       1000069D
   0.160 <-- DEVICE_PROJECT  100075B8 211-command-usb
   0.161 <-- DEVICE_BOARD    1000760C pico
   0.162 <-- data_variable   20000F58 101
   0.163 <-- bss_variable    2000200C 1
   0.163 <-- stack_variable  20041F84 1946
   0.164 <-- heap_variable   20002508 2518151501
   2.166 --> fw_info
   2.314 <-- fw_info
   2.315 <-- dbg read_line:106 got fw_info
   2.316 <-- object          address    value
   2.317 <-- main            10000321 0xb5f0
   2.317 <-- fw_info         1000069D 0x4b31
   2.318 <-- commands        10007518
   2.318 <-- - enable        10000281
   2.319 <-- - disable       100002BD
   2.319 <-- - info          10000301
   2.319 <-- - version       100002F9
   2.320 <-- - ping          10000309
   2.320 <-- - mem_info      10000319
   2.322 <-- - fw_info       1000069D
   2.323 <-- DEVICE_PROJECT  100075B8 211-command-usb
   2.323 <-- DEVICE_BOARD    1000760C pico
   2.323 <-- data_variable   20000F58 102
   2.324 <-- bss_variable    2000200C 2
   2.324 <-- stack_variable  20041F84 1946
   2.325 <-- heap_variable   20002508 2518151501
   4.328 --> fw_info
   4.476 <-- fw_info
   4.477 <-- dbg read_line:106 got fw_info
   4.478 <-- object          address    value
   4.479 <-- main            10000321 0xb5f0
   4.479 <-- fw_info         1000069D 0x4b31
   4.480 <-- commands        10007518
   4.480 <-- - enable        10000281
   4.481 <-- - disable       100002BD
   4.481 <-- - info          10000301
   4.482 <-- - version       100002F9
   4.483 <-- - ping          10000309
   4.483 <-- - mem_info      10000319
   4.484 <-- - fw_info       1000069D
   4.484 <-- DEVICE_PROJECT  100075B8 211-command-usb
   4.485 <-- DEVICE_BOARD    1000760C pico
   4.485 <-- data_variable   20000F58 103
   4.486 <-- bss_variable    2000200C 3
   4.487 <-- stack_variable  20041F84 1946
   4.488 <-- heap_variable   20002508 2518151501
итог: отправлено команд 3, принято строк 57
