задание: 2.1.1
проект: 211-command-usb
устройство: 2e8a:000a
серийный номер: 5054316550735B9C
порт: /dev/ttyACM0
начало: 2026-09-23T22:45:26
   0.000 --> enable
   0.136 <-- enable
   0.137 <-- dbg read_line:68 got enable
   0.137 <-- inf handle_command:31 led on
   2.141 --> disable
   2.297 <-- disable
   2.297 <-- dbg read_line:68 got disable
   2.298 <-- inf handle_command:36 led off
   4.302 --> info
   4.397 <-- info
   4.398 <-- dbg read_line:68 got info
   4.398 <-- project: 211-command-usb
   4.399 <-- repo: https://github.com/zharikovk/es-student
   4.400 <-- board: pico
   4.400 <-- serial: 5054316550735B9C
   4.401 <-- chip: manufacturer 0x927, part 0x0002, revision 2
   4.401 <-- pico-sdk: 2.3.0
   6.405 --> nosuchcommand
   6.679 <-- nosuchcommand
   6.680 <-- dbg read_line:68 got nosuchcommand
   6.681 <-- err handle_command:48 unknown command: nosuchcommand
итог: отправлено команд 4, принято строк 17
