задание: 2.1.2
проект: 211-command-usb
устройство: 2e8a:000a
серийный номер: 5054316550735B9C
порт: /dev/ttyACM0
начало: 2026-09-23T23:18:36
   0.000 --> enable
   0.129 <-- enable
   0.129 <-- dbg read_line:101 got enable
   0.130 <-- inf cmd_enable:31 led on
   2.133 --> disable
   2.289 <-- disable
   2.290 <-- dbg read_line:101 got disable
   2.291 <-- inf cmd_disable:36 led off
   4.294 --> info
   4.390 <-- info
   4.390 <-- dbg read_line:101 got info
   4.390 <-- project: 211-command-usb
   4.391 <-- repo: https://github.com/zharikovk/es-student
   4.391 <-- board: pico
   4.391 <-- serial: 5054316550735B9C
   4.391 <-- chip: manufacturer 0x927, part 0x0002, revision 2
   4.391 <-- pico-sdk: 2.3.0
   6.394 --> ping
   6.491 <-- ping
   6.492 <-- dbg read_line:101 got ping
   6.492 <-- pong
   8.496 --> nosuchcommand
   8.772 <-- nosuchcommand
   8.773 <-- dbg read_line:101 got nosuchcommand
   8.774 <-- err handle_command:81 unknown command: nosuchcommand
итог: отправлено команд 5, принято строк 20
