задание: 2.1.3
проект: 211-command-usb
устройство: 2e8a:000a
серийный номер: 5054316550735B9C
порт: /dev/ttyACM0
начало: 2026-09-27T01:02:50
   0.000 --> mem_info
   0.179 <-- mem_info
   0.180 <-- dbg read_line:108 got mem_info
   0.180 <-- area      start      end      size
   0.181 <-- flash      0x10000000 0x10200000  2097152
   0.182 <-- sram       0x20000000 0x20042000   270336
   0.183 <-- rom        0x00000000 0x00004000    16384
   0.184 <-- image      0x10000000 0x100083a0    33696
   0.184 <-- free       0x100083a0 0x10200000  2063456
   0.184 <-- boot2      0x10000000 0x10000100      256
   0.184 <-- text       0x10000100 0x10007420    29472
   0.185 <-- data flash 0x10007420 0x100083a0     3968
   0.185 <-- data ram   0x200000c0 0x20001040     3968
   0.185 <-- bss        0x20001040 0x20001c7c     3132
   0.186 <-- heap       0x20001c7c 0x20040000   254852
   0.186 <-- stack      0x20041800 0x20042000     2048
   0.186 <-- total
   0.186 <-- flash image    33696 = boot2    256 + text  29472 + data   3968
   0.186 <-- flash free   2063456 of  2097152
   0.187 <-- ram used     7100 = data     3968 + bss     3132
   0.187 <-- ram free       254852 for heap and      2048 for stack
итог: отправлено команд 1, принято строк 20
